<table width="100%" border="1">
<tr style="background-color: #999999;">
<th align="center">#</th>    <th align="center"> Emp ID </th>    <th align="center"> Emp Last Name </th>    <th align="center"> Emp First Name </th>    <th align="center"> Emp Middle Name </th>    <th align="center"> Email </th>    <th align="center"> Address </th>    <th align="center"> Postal Code </th>    <th align="center"> Tel Num </th>    <th align="center"> Mobile Num </th>    <th align="center"> Department Name </th>    <th align="center"> Gender </th>    <th align="center"> Civil Status </th>    <th align="center"> Birth Date </th>    <th align="center"> Birth Place </th>    <th align="center"> Religion </th>    <th align="center"> TIN Num </th>    </tr>    <tr class="listText">
    <td align="center"> 1 </td>        <td align="center"> 2010100001 </td>        <td align="left"> Una </td>        <td align="left"> Juan </td>        <td align="left"> L </td>        <td align="left"> jluna@jlu.com </td>        <td align="left"> 99 B Street, Ceedee Drive, Makati City </td>        <td align="right"> 1,234.00 </td>        <td align="right"> 1,232,424.00 </td>        <td align="left"> 09272223304 </td>        <td align="left"> Internship </td>        <td align="left"> Male </td>        <td align="left"> Married </td>        <td align="left"> 2000-09-01 00:00:00 </td>        <td align="left"> Makati </td>        <td align="left"> Roman Catholic </td>        <td align="left"> 53535354545 </td>    </tr><tr style="background-color: #999999;">
<th align="center">1</th>    <th align="center"> 2,010,100,001 </th>    <th align="left">  </th>    <th align="left">  </th>    <th align="left">  </th>    <th align="left">  </th>    <th align="left">  </th>    <th align="right"> 1,234.00 </th>    <th align="right"> 1,232,424.00 </th>    <th align="left">  </th>    <th align="left">  </th>    <th align="left">  </th>    <th align="left">  </th>    <th align="left">  </th>    <th align="left">  </th>    <th align="left">  </th>    <th align="left">  </th></tr>
</table>