<table width="100%" border="1">
<tr style="background-color: #999999;">
<th align="center">#</th>    <th align="center"> Entry ID </th>    <th align="center"> Ip Address </th>    <th align="center"> User </th>    <th align="center"> Datetime </th>    <th align="center"> Action </th>    <th align="center"> Module </th>    </tr>    <tr class="listText">
    <td align="center"> 1 </td>        <td align="center"> 1 </td>        <td align="left"> ::1 </td>        <td align="left"> root </td>        <td align="left"> 2016-12-04 03:08:31 </td>        <td align="left"> Logged in </td>        <td align="left"> /APC_Student_Assistant_System/login.php </td>    </tr>    <tr class="listTextAlt">
    <td align="center"> 2 </td>        <td align="center"> 2 </td>        <td align="left"> ::1 </td>        <td align="left"> root </td>        <td align="left"> 2016-12-04 03:08:33 </td>        <td align="left"> Query Executed: UPDATE user SET `password`=?, `salt`=?, `iteration`=?, `method`=? WHERE username=?<br />
Array<br />
(<br />
    [0] =&gt; ssiss<br />
    [1] =&gt; $2y$12$PCidaylyReHJIN.tOKXI8OacRpmE.ksz2ZDvvNTk8sOPQrfFykwJS<br />
    [2] =&gt; PCidaylyReHJIN+tOKXI8Q<br />
    [3] =&gt; 12<br />
    [4] =&gt; blowfish<br />
    [5] =&gt; root<br />
)<br />
 </td>        <td align="left"> /APC_Student_Assistant_System/login.php </td>    </tr>    <tr class="listText">
    <td align="center"> 3 </td>        <td align="center"> 3 </td>        <td align="left"> ::1 </td>        <td align="left"> root </td>        <td align="left"> 2016-12-04 03:13:12 </td>        <td align="left"> Pressed submit button </td>        <td align="left"> /APC_Student_Assistant_System/modules/add_employee.php </td>    </tr>    <tr class="listTextAlt">
    <td align="center"> 4 </td>        <td align="center"> 4 </td>        <td align="left"> ::1 </td>        <td align="left"> root </td>        <td align="left"> 2016-12-04 03:13:12 </td>        <td align="left"> Query Executed: INSERT INTO employee(Emp_id, Emp_last_name, Emp_first_name, Emp_middle_name, Email, Address, Postal_code, Tel_num, Mobile_num, Department_name, Gender, Civil_status, Birth_date, Birth_place, Religion, TIN_num) VALUES(?,?,?,?,?,?,?,?,?,?,?,?,?,?,?,?)<br />
Array<br />
(<br />
    [0] =&gt; isssssiissssssss<br />
    [1] =&gt; 1<br />
    [2] =&gt; Una<br />
    [3] =&gt; Juan<br />
    [4] =&gt; L<br />
    [5] =&gt; jluna@jlu.com<br />
    [6] =&gt; 99 B Street, Ceedee Drive, Makati City<br />
    [7] =&gt; 1234<br />
    [8] =&gt; 1232424<br />
    [9] =&gt; 09272223304<br />
    [10] =&gt; Internship<br />
    [11] =&gt; Male<br />
    [12] =&gt; Married<br />
    [13] =&gt; 2000-09-04<br />
    [14] =&gt; Makati<br />
    [15] =&gt; Roman Catholic<br />
    [16] =&gt; 53535354545<br />
)<br />
 </td>        <td align="left"> /APC_Student_Assistant_System/modules/add_employee.php </td>    </tr>    <tr class="listText">
    <td align="center"> 5 </td>        <td align="center"> 5 </td>        <td align="left"> ::1 </td>        <td align="left"> root </td>        <td align="left"> 2016-12-04 03:14:24 </td>        <td align="left"> Pressed cancel button </td>        <td align="left"> /APC_Student_Assistant_System/modules/detailview_employee.php </td>    </tr>    <tr class="listTextAlt">
    <td align="center"> 6 </td>        <td align="center"> 6 </td>        <td align="left"> ::1 </td>        <td align="left"> root </td>        <td align="left"> 2016-12-04 03:16:25 </td>        <td align="left"> Pressed cancel button </td>        <td align="left"> /APC_Student_Assistant_System/modules/add_employeebridgerecord.php </td>    </tr>    <tr class="listText">
    <td align="center"> 7 </td>        <td align="center"> 7 </td>        <td align="left"> ::1 </td>        <td align="left"> root </td>        <td align="left"> 2016-12-04 03:17:00 </td>        <td align="left"> Pressed cancel button </td>        <td align="left"> /APC_Student_Assistant_System/modules/add_record.php </td>    </tr>    <tr class="listTextAlt">
    <td align="center"> 8 </td>        <td align="center"> 8 </td>        <td align="left"> ::1 </td>        <td align="left"> root </td>        <td align="left"> 2016-12-04 03:18:20 </td>        <td align="left"> Pressed submit button </td>        <td align="left"> /APC_Student_Assistant_System/modules/add_term.php </td>    </tr>    <tr class="listText">
    <td align="center"> 9 </td>        <td align="center"> 9 </td>        <td align="left"> ::1 </td>        <td align="left"> root </td>        <td align="left"> 2016-12-04 03:18:21 </td>        <td align="left"> Query Executed: INSERT INTO term(Term_id, school_year, Term_num, Term_start, Term_end, Term_hour) VALUES(?,?,?,?,?,?)<br />
Array<br />
(<br />
    [0] =&gt; isssss<br />
    [1] =&gt; <br />
    [2] =&gt; 2016<br />
    [3] =&gt; 2<br />
    [4] =&gt; 2016-09-04<br />
    [5] =&gt; 2016-12-16<br />
    [6] =&gt; 10<br />
)<br />
 </td>        <td align="left"> /APC_Student_Assistant_System/modules/add_term.php </td>    </tr>    <tr class="listTextAlt">
    <td align="center"> 10 </td>        <td align="center"> 10 </td>        <td align="left"> ::1 </td>        <td align="left"> root </td>        <td align="left"> 2016-12-04 03:22:51 </td>        <td align="left"> Pressed submit button </td>        <td align="left"> /APC_Student_Assistant_System/modules/edit_term.php </td>    </tr>    <tr class="listText">
    <td align="center"> 11 </td>        <td align="center"> 11 </td>        <td align="left"> ::1 </td>        <td align="left"> root </td>        <td align="left"> 2016-12-04 03:23:04 </td>        <td align="left"> Pressed submit button </td>        <td align="left"> /APC_Student_Assistant_System/modules/edit_term.php </td>    </tr>    <tr class="listTextAlt">
    <td align="center"> 12 </td>        <td align="center"> 12 </td>        <td align="left"> ::1 </td>        <td align="left"> root </td>        <td align="left"> 2016-12-04 03:23:05 </td>        <td align="left"> Query Executed: UPDATE term SET school_year = ?, Term_num = ?, Term_start = ?, Term_end = ?, Term_hour = ? WHERE Term_id = ?<br />
Array<br />
(<br />
    [0] =&gt; sssssi<br />
    [1] =&gt; 2016<br />
    [2] =&gt; 2<br />
    [3] =&gt; 2016-09-04<br />
    [4] =&gt; 2016-12-16<br />
    [5] =&gt; 10:00:00<br />
    [6] =&gt; 1<br />
)<br />
 </td>        <td align="left"> /APC_Student_Assistant_System/modules/edit_term.php </td>    </tr>    <tr class="listText">
    <td align="center"> 13 </td>        <td align="center"> 13 </td>        <td align="left"> ::1 </td>        <td align="left"> root </td>        <td align="left"> 2016-12-04 03:26:22 </td>        <td align="left"> Pressed submit button </td>        <td align="left"> /APC_Student_Assistant_System/modules/edit_term.php </td>    </tr>    <tr class="listTextAlt">
    <td align="center"> 14 </td>        <td align="center"> 14 </td>        <td align="left"> ::1 </td>        <td align="left"> root </td>        <td align="left"> 2016-12-04 03:26:39 </td>        <td align="left"> Pressed submit button </td>        <td align="left"> /APC_Student_Assistant_System/modules/edit_term.php </td>    </tr>    <tr class="listText">
    <td align="center"> 15 </td>        <td align="center"> 15 </td>        <td align="left"> ::1 </td>        <td align="left"> root </td>        <td align="left"> 2016-12-04 03:26:39 </td>        <td align="left"> Query Executed: UPDATE term SET school_year = ?, Term_num = ?, Term_start = ?, Term_end = ?, Term_hour = ? WHERE Term_id = ?<br />
Array<br />
(<br />
    [0] =&gt; sssssi<br />
    [1] =&gt; 2016<br />
    [2] =&gt; 2<br />
    [3] =&gt; 2016-09-04<br />
    [4] =&gt; 2016-12-16<br />
    [5] =&gt; 10:00:00<br />
    [6] =&gt; 1<br />
)<br />
 </td>        <td align="left"> /APC_Student_Assistant_System/modules/edit_term.php </td>    </tr>    <tr class="listTextAlt">
    <td align="center"> 16 </td>        <td align="center"> 16 </td>        <td align="left"> ::1 </td>        <td align="left"> root </td>        <td align="left"> 2016-12-05 04:50:21 </td>        <td align="left"> Logged in </td>        <td align="left"> /APC_Student_Assistant_System/login.php </td>    </tr>    <tr class="listText">
    <td align="center"> 17 </td>        <td align="center"> 17 </td>        <td align="left"> ::1 </td>        <td align="left"> root </td>        <td align="left"> 2016-12-05 04:52:41 </td>        <td align="left"> Pressed submit button </td>        <td align="left"> /APC_Student_Assistant_System/modules/add_student.php </td>    </tr>    <tr class="listTextAlt">
    <td align="center"> 18 </td>        <td align="center"> 18 </td>        <td align="left"> ::1 </td>        <td align="left"> root </td>        <td align="left"> 2016-12-05 04:52:41 </td>        <td align="left"> Query Executed: INSERT INTO student(Student_id, Student_last_name, Student_first_name, Student_middle_name, Birth_date, Birth_place, Entry_level, Nationality, Gender, Address, Postal_code, Tel_num, Mobile_num, Email, Religion, Civil_status) VALUES(?,?,?,?,?,?,?,?,?,?,?,?,?,?,?,?)<br />
Array<br />
(<br />
    [0] =&gt; isssssssssiissss<br />
    [1] =&gt; 2011100560<br />
    [2] =&gt; Cruz<br />
    [3] =&gt; Lorenz Matthew<br />
    [4] =&gt; M<br />
    [5] =&gt; 1999-03-06<br />
    [6] =&gt; Mandaluyong<br />
    [7] =&gt; Transferee<br />
    [8] =&gt; Filipino<br />
    [9] =&gt; Male<br />
    [10] =&gt; 28 ML Quezon St., Bambang, Taguig City<br />
    [11] =&gt; 1637<br />
    [12] =&gt; 4235059<br />
    [13] =&gt; 09167924892<br />
    [14] =&gt; lmcruz@student.apc.edu.ph<br />
    [15] =&gt; Roman Catholic<br />
    [16] =&gt; Single<br />
)<br />
 </td>        <td align="left"> /APC_Student_Assistant_System/modules/add_student.php </td>    </tr>    <tr class="listText">
    <td align="center"> 19 </td>        <td align="center"> 19 </td>        <td align="left"> ::1 </td>        <td align="left"> root </td>        <td align="left"> 2016-12-05 04:55:02 </td>        <td align="left"> Pressed submit button </td>        <td align="left"> /APC_Student_Assistant_System/modules/edit_student.php </td>    </tr>    <tr class="listTextAlt">
    <td align="center"> 20 </td>        <td align="center"> 20 </td>        <td align="left"> ::1 </td>        <td align="left"> root </td>        <td align="left"> 2016-12-05 04:55:02 </td>        <td align="left"> Query Executed: UPDATE student SET Student_id = ?, Student_last_name = ?, Student_first_name = ?, Student_middle_name = ?, Birth_date = ?, Birth_place = ?, Entry_level = ?, Nationality = ?, Gender = ?, Address = ?, Postal_code = ?, Tel_num = ?, Mobile_num = ?, Email = ?, Religion = ?, Civil_status = ? WHERE Student_id = ?<br />
Array<br />
(<br />
    [0] =&gt; isssssssssiissssi<br />
    [1] =&gt; 2011100560<br />
    [2] =&gt; Cruz<br />
    [3] =&gt; Lorenz Matthew<br />
    [4] =&gt; M<br />
    [5] =&gt; 1999-03-05<br />
    [6] =&gt; Mandaluyong<br />
    [7] =&gt; Transferee<br />
    [8] =&gt; Filipino<br />
    [9] =&gt; Male<br />
    [10] =&gt; 28 ML Quezon St., Bambang, Taguig City<br />
    [11] =&gt; 1637<br />
    [12] =&gt; 4235059<br />
    [13] =&gt; 09167924892<br />
    [14] =&gt; lmcruz@student.apc.edu.ph<br />
    [15] =&gt; Roman Catholic<br />
    [16] =&gt; Single<br />
    [17] =&gt; 2011100560<br />
)<br />
 </td>        <td align="left"> /APC_Student_Assistant_System/modules/edit_student.php </td>    </tr>    <tr class="listText">
    <td align="center"> 21 </td>        <td align="center"> 21 </td>        <td align="left"> ::1 </td>        <td align="left"> root </td>        <td align="left"> 2016-12-05 04:55:53 </td>        <td align="left"> Pressed submit button </td>        <td align="left"> /APC_Student_Assistant_System/sysadmin/add_person.php </td>    </tr>    <tr class="listTextAlt">
    <td align="center"> 22 </td>        <td align="center"> 22 </td>        <td align="left"> ::1 </td>        <td align="left"> root </td>        <td align="left"> 2016-12-05 04:55:53 </td>        <td align="left"> Query Executed: INSERT INTO person(person_id, first_name, middle_name, last_name, gender) VALUES(?,?,?,?,?)<br />
Array<br />
(<br />
    [0] =&gt; issss<br />
    [1] =&gt; <br />
    [2] =&gt; Lorenz Matthew<br />
    [3] =&gt; M<br />
    [4] =&gt; Cruz<br />
    [5] =&gt; Male<br />
)<br />
 </td>        <td align="left"> /APC_Student_Assistant_System/sysadmin/add_person.php </td>    </tr>    <tr class="listText">
    <td align="center"> 23 </td>        <td align="center"> 23 </td>        <td align="left"> ::1 </td>        <td align="left"> root </td>        <td align="left"> 2016-12-05 04:56:02 </td>        <td align="left"> Pressed submit button </td>        <td align="left"> /APC_Student_Assistant_System/sysadmin/add_person.php </td>    </tr>    <tr class="listTextAlt">
    <td align="center"> 24 </td>        <td align="center"> 24 </td>        <td align="left"> ::1 </td>        <td align="left"> root </td>        <td align="left"> 2016-12-05 04:56:02 </td>        <td align="left"> Query Executed: INSERT INTO person(person_id, first_name, middle_name, last_name, gender) VALUES(?,?,?,?,?)<br />
Array<br />
(<br />
    [0] =&gt; issss<br />
    [1] =&gt; <br />
    [2] =&gt; Juan<br />
    [3] =&gt; L<br />
    [4] =&gt; Una<br />
    [5] =&gt; Male<br />
)<br />
 </td>        <td align="left"> /APC_Student_Assistant_System/sysadmin/add_person.php </td>    </tr>    <tr class="listText">
    <td align="center"> 25 </td>        <td align="center"> 25 </td>        <td align="left"> ::1 </td>        <td align="left"> root </td>        <td align="left"> 2016-12-05 04:56:14 </td>        <td align="left"> Pressed submit button </td>        <td align="left"> /APC_Student_Assistant_System/sysadmin/add_user_role.php </td>    </tr>    <tr class="listTextAlt">
    <td align="center"> 26 </td>        <td align="center"> 26 </td>        <td align="left"> ::1 </td>        <td align="left"> root </td>        <td align="left"> 2016-12-05 04:56:16 </td>        <td align="left"> Pressed submit button </td>        <td align="left"> /APC_Student_Assistant_System/sysadmin/add_user_role.php </td>    </tr>    <tr class="listText">
    <td align="center"> 27 </td>        <td align="center"> 27 </td>        <td align="left"> ::1 </td>        <td align="left"> root </td>        <td align="left"> 2016-12-05 04:56:16 </td>        <td align="left"> Query Executed: INSERT INTO user_role(role_id, role, description) VALUES(?,?,?)<br />
Array<br />
(<br />
    [0] =&gt; iss<br />
    [1] =&gt; <br />
    [2] =&gt; Student Assistant<br />
    [3] =&gt; a<br />
)<br />
 </td>        <td align="left"> /APC_Student_Assistant_System/sysadmin/add_user_role.php </td>    </tr>    <tr class="listTextAlt">
    <td align="center"> 28 </td>        <td align="center"> 28 </td>        <td align="left"> ::1 </td>        <td align="left"> root </td>        <td align="left"> 2016-12-05 04:56:24 </td>        <td align="left"> Pressed submit button </td>        <td align="left"> /APC_Student_Assistant_System/sysadmin/add_user_role.php </td>    </tr>    <tr class="listText">
    <td align="center"> 29 </td>        <td align="center"> 29 </td>        <td align="left"> ::1 </td>        <td align="left"> root </td>        <td align="left"> 2016-12-05 04:56:24 </td>        <td align="left"> Query Executed: INSERT INTO user_role(role_id, role, description) VALUES(?,?,?)<br />
Array<br />
(<br />
    [0] =&gt; iss<br />
    [1] =&gt; <br />
    [2] =&gt; Departmental Coordinator<br />
    [3] =&gt; a<br />
)<br />
 </td>        <td align="left"> /APC_Student_Assistant_System/sysadmin/add_user_role.php </td>    </tr>    <tr class="listTextAlt">
    <td align="center"> 30 </td>        <td align="center"> 30 </td>        <td align="left"> ::1 </td>        <td align="left"> root </td>        <td align="left"> 2016-12-05 04:56:45 </td>        <td align="left"> Pressed submit button </td>        <td align="left"> /APC_Student_Assistant_System/sysadmin/add_user.php </td>    </tr>    <tr class="listText">
    <td align="center"> 31 </td>        <td align="center"> 31 </td>        <td align="left"> ::1 </td>        <td align="left"> root </td>        <td align="left"> 2016-12-05 04:56:45 </td>        <td align="left"> Query Executed: INSERT INTO user(username, password, salt, iteration, method, person_id, role_id, skin_id) VALUES(?,?,?,?,?,?,?,?)<br />
Array<br />
(<br />
    [0] =&gt; sssisiii<br />
    [1] =&gt; lmcruz<br />
    [2] =&gt; $2y$12$WAlHuEu55ibDHbuyQ9XQZOHuYvENZmf58PG8McQetL3PERo1CHCK.<br />
    [3] =&gt; WAlHuEu55ibDHbuyQ9XQZQ<br />
    [4] =&gt; 12<br />
    [5] =&gt; blowfish<br />
    [6] =&gt; 2<br />
    [7] =&gt; 3<br />
    [8] =&gt; 1<br />
)<br />
 </td>        <td align="left"> /APC_Student_Assistant_System/sysadmin/add_user.php </td>    </tr>    <tr class="listTextAlt">
    <td align="center"> 32 </td>        <td align="center"> 32 </td>        <td align="left"> ::1 </td>        <td align="left"> root </td>        <td align="left"> 2016-12-05 04:56:45 </td>        <td align="left"> Query executed: INSERT `user_passport` SELECT &#039;lmcruz&#039;, `link_id` FROM user_role_links WHERE role_id=&#039;3&#039; </td>        <td align="left"> /APC_Student_Assistant_System/sysadmin/add_user.php </td>    </tr>    <tr class="listText">
    <td align="center"> 33 </td>        <td align="center"> 33 </td>        <td align="left"> ::1 </td>        <td align="left"> root </td>        <td align="left"> 2016-12-05 04:57:01 </td>        <td align="left"> Pressed submit button </td>        <td align="left"> /APC_Student_Assistant_System/sysadmin/add_user.php </td>    </tr>    <tr class="listTextAlt">
    <td align="center"> 34 </td>        <td align="center"> 34 </td>        <td align="left"> ::1 </td>        <td align="left"> root </td>        <td align="left"> 2016-12-05 04:57:02 </td>        <td align="left"> Query Executed: INSERT INTO user(username, password, salt, iteration, method, person_id, role_id, skin_id) VALUES(?,?,?,?,?,?,?,?)<br />
Array<br />
(<br />
    [0] =&gt; sssisiii<br />
    [1] =&gt; juanluna<br />
    [2] =&gt; $2y$12$pWP79FOZRy/e4qNhcytxd.fYaIg9xKsE0GcHYZO67.mfjbq4T.AjG<br />
    [3] =&gt; pWP79FOZRy/e4qNhcytxdA<br />
    [4] =&gt; 12<br />
    [5] =&gt; blowfish<br />
    [6] =&gt; 3<br />
    [7] =&gt; 4<br />
    [8] =&gt; 1<br />
)<br />
 </td>        <td align="left"> /APC_Student_Assistant_System/sysadmin/add_user.php </td>    </tr>    <tr class="listText">
    <td align="center"> 35 </td>        <td align="center"> 35 </td>        <td align="left"> ::1 </td>        <td align="left"> root </td>        <td align="left"> 2016-12-05 04:57:02 </td>        <td align="left"> Query executed: INSERT `user_passport` SELECT &#039;juanluna&#039;, `link_id` FROM user_role_links WHERE role_id=&#039;4&#039; </td>        <td align="left"> /APC_Student_Assistant_System/sysadmin/add_user.php </td>    </tr>    <tr class="listTextAlt">
    <td align="center"> 36 </td>        <td align="center"> 36 </td>        <td align="left"> ::1 </td>        <td align="left"> root </td>        <td align="left"> 2016-12-05 04:57:05 </td>        <td align="left"> Logged out </td>        <td align="left"> /APC_Student_Assistant_System/end.php </td>    </tr>    <tr class="listText">
    <td align="center"> 37 </td>        <td align="center"> 37 </td>        <td align="left"> ::1 </td>        <td align="left"> lmcruz </td>        <td align="left"> 2016-12-05 04:57:11 </td>        <td align="left"> Logged in </td>        <td align="left"> /APC_Student_Assistant_System/login.php </td>    </tr>    <tr class="listTextAlt">
    <td align="center"> 38 </td>        <td align="center"> 38 </td>        <td align="left"> ::1 </td>        <td align="left"> lmcruz </td>        <td align="left"> 2016-12-05 04:57:26 </td>        <td align="left"> Logged out </td>        <td align="left"> /APC_Student_Assistant_System/end.php </td>    </tr>    <tr class="listText">
    <td align="center"> 39 </td>        <td align="center"> 39 </td>        <td align="left"> ::1 </td>        <td align="left"> juanluna </td>        <td align="left"> 2016-12-05 04:57:30 </td>        <td align="left"> Logged in </td>        <td align="left"> /APC_Student_Assistant_System/login.php </td>    </tr>    <tr class="listTextAlt">
    <td align="center"> 40 </td>        <td align="center"> 40 </td>        <td align="left"> ::1 </td>        <td align="left"> juanluna </td>        <td align="left"> 2016-12-05 04:57:35 </td>        <td align="left"> Logged out </td>        <td align="left"> /APC_Student_Assistant_System/end.php </td>    </tr>    <tr class="listText">
    <td align="center"> 41 </td>        <td align="center"> 41 </td>        <td align="left"> ::1 </td>        <td align="left"> root </td>        <td align="left"> 2016-12-05 04:57:41 </td>        <td align="left"> Logged in </td>        <td align="left"> /APC_Student_Assistant_System/login.php </td>    </tr>    <tr class="listTextAlt">
    <td align="center"> 42 </td>        <td align="center"> 42 </td>        <td align="left"> ::1 </td>        <td align="left"> root </td>        <td align="left"> 2016-12-05 04:58:16 </td>        <td align="left"> Pressed submit button </td>        <td align="left"> /APC_Student_Assistant_System/modules/edit_employee.php </td>    </tr>    <tr class="listText">
    <td align="center"> 43 </td>        <td align="center"> 43 </td>        <td align="left"> ::1 </td>        <td align="left"> root </td>        <td align="left"> 2016-12-05 04:58:16 </td>        <td align="left"> Query Executed: UPDATE employee SET Emp_id = ?, Emp_last_name = ?, Emp_first_name = ?, Emp_middle_name = ?, Email = ?, Address = ?, Postal_code = ?, Tel_num = ?, Mobile_num = ?, Department_name = ?, Gender = ?, Civil_status = ?, Birth_date = ?, Birth_place = ?, Religion = ?, TIN_num = ? WHERE Emp_id = ?<br />
Array<br />
(<br />
    [0] =&gt; isssssiissssssssi<br />
    [1] =&gt; 2010100001<br />
    [2] =&gt; Una<br />
    [3] =&gt; Juan<br />
    [4] =&gt; L<br />
    [5] =&gt; jluna@jlu.com<br />
    [6] =&gt; 99 B Street, Ceedee Drive, Makati City<br />
    [7] =&gt; 1234<br />
    [8] =&gt; 1232424<br />
    [9] =&gt; 09272223304<br />
    [10] =&gt; Internship<br />
    [11] =&gt; Male<br />
    [12] =&gt; Married<br />
    [13] =&gt; 2000-09-01<br />
    [14] =&gt; Makati<br />
    [15] =&gt; Roman Catholic<br />
    [16] =&gt; 53535354545<br />
    [17] =&gt; 1<br />
)<br />
 </td>        <td align="left"> /APC_Student_Assistant_System/modules/edit_employee.php </td>    </tr>    <tr class="listTextAlt">
    <td align="center"> 44 </td>        <td align="center"> 44 </td>        <td align="left"> ::1 </td>        <td align="left"> root </td>        <td align="left"> 2016-12-05 04:58:19 </td>        <td align="left"> Logged out </td>        <td align="left"> /APC_Student_Assistant_System/end.php </td>    </tr>    <tr class="listText">
    <td align="center"> 45 </td>        <td align="center"> 45 </td>        <td align="left"> ::1 </td>        <td align="left"> juanluna </td>        <td align="left"> 2016-12-05 04:58:24 </td>        <td align="left"> Logged in </td>        <td align="left"> /APC_Student_Assistant_System/login.php </td>    </tr>    <tr class="listTextAlt">
    <td align="center"> 46 </td>        <td align="center"> 46 </td>        <td align="left"> ::1 </td>        <td align="left"> juanluna </td>        <td align="left"> 2016-12-05 04:58:45 </td>        <td align="left"> Logged out </td>        <td align="left"> /APC_Student_Assistant_System/end.php </td>    </tr>    <tr class="listText">
    <td align="center"> 47 </td>        <td align="center"> 47 </td>        <td align="left"> ::1 </td>        <td align="left"> root </td>        <td align="left"> 2016-12-05 04:59:18 </td>        <td align="left"> Logged in </td>        <td align="left"> /APC_Student_Assistant_System/login.php </td>    </tr>    <tr class="listTextAlt">
    <td align="center"> 48 </td>        <td align="center"> 48 </td>        <td align="left"> ::1 </td>        <td align="left"> root </td>        <td align="left"> 2016-12-05 04:59:32 </td>        <td align="left"> Pressed submit button </td>        <td align="left"> /APC_Student_Assistant_System/modules/reporter_student.php </td>    </tr>    <tr class="listText">
    <td align="center"> 49 </td>        <td align="center"> 49 </td>        <td align="left"> ::1 </td>        <td align="left"> root </td>        <td align="left"> 2016-12-05 05:02:05 </td>        <td align="left"> Pressed submit button </td>        <td align="left"> /APC_Student_Assistant_System/modules/reporter_employeebridgerecord.php </td>    </tr>    <tr class="listTextAlt">
    <td align="center"> 50 </td>        <td align="center"> 50 </td>        <td align="left"> ::1 </td>        <td align="left"> root </td>        <td align="left"> 2016-12-05 05:02:44 </td>        <td align="left"> Query Executed: DELETE FROM cobalt_reporter WHERE module_name = ? AND report_name = ?<br />
Array<br />
(<br />
    [0] =&gt; ss<br />
    [1] =&gt; EMPLOYEEBRIDGERECORD_REPORT_CUSTOM<br />
    [2] =&gt; q<br />
)<br />
 </td>        <td align="left"> /APC_Student_Assistant_System/modules/reporter_employeebridgerecord.php </td>    </tr>    <tr class="listText">
    <td align="center"> 51 </td>        <td align="center"> 51 </td>        <td align="left"> ::1 </td>        <td align="left"> root </td>        <td align="left"> 2016-12-05 05:02:44 </td>        <td align="left"> Query Executed: INSERT INTO cobalt_reporter(`module_name`,<br />
                            `report_name`,<br />
                            `username`,<br />
                            `show_field`,<br />
                            `operator`,<br />
                            `text_field`,<br />
                            `sum_field`,<br />
                            `count_field`,<br />
                            `group_field1`,<br />
                            `group_field2`,<br />
                            `group_field3`) VALUES(?,?,?,?,?,?,?,?,?,?,?)<br />
Array<br />
(<br />
    [0] =&gt; sssssssssss<br />
    [1] =&gt; EMPLOYEEBRIDGERECORD_REPORT_CUSTOM<br />
    [2] =&gt; q<br />
    [3] =&gt; root<br />
    [4] =&gt; a:2:{i:0;s:15:&quot;Employee Emp ID&quot;;i:1;s:16:&quot;Record Record ID&quot;;}<br />
    [5] =&gt; a:2:{i:0;s:0:&quot;&quot;;i:1;s:0:&quot;&quot;;}<br />
    [6] =&gt; a:2:{i:0;s:0:&quot;&quot;;i:1;s:0:&quot;&quot;;}<br />
    [7] =&gt; <br />
    [8] =&gt; <br />
    [9] =&gt; <br />
    [10] =&gt; <br />
    [11] =&gt; <br />
)<br />
 </td>        <td align="left"> /APC_Student_Assistant_System/modules/reporter_employeebridgerecord.php </td>    </tr>    <tr class="listTextAlt">
    <td align="center"> 52 </td>        <td align="center"> 52 </td>        <td align="left"> ::1 </td>        <td align="left"> root </td>        <td align="left"> 2016-12-05 05:02:49 </td>        <td align="left"> Pressed delete button </td>        <td align="left"> /APC_Student_Assistant_System/modules/reporter_employeebridgerecord.php </td>    </tr>    <tr class="listText">
    <td align="center"> 53 </td>        <td align="center"> 53 </td>        <td align="left"> ::1 </td>        <td align="left"> root </td>        <td align="left"> 2016-12-05 05:02:49 </td>        <td align="left"> Query Executed: DELETE FROM cobalt_reporter WHERE module_name = ? AND report_name = ?<br />
Array<br />
(<br />
    [0] =&gt; ss<br />
    [1] =&gt; EMPLOYEEBRIDGERECORD_REPORT_CUSTOM<br />
    [2] =&gt; q<br />
)<br />
 </td>        <td align="left"> /APC_Student_Assistant_System/modules/reporter_employeebridgerecord.php </td>    </tr>    <tr class="listTextAlt">
    <td align="center"> 54 </td>        <td align="center"> 54 </td>        <td align="left"> ::1 </td>        <td align="left"> root </td>        <td align="left"> 2016-12-05 05:08:39 </td>        <td align="left"> Pressed submit button </td>        <td align="left"> /APC_Student_Assistant_System/modules/reporter_student.php </td>    </tr>    <tr class="listText">
    <td align="center"> 55 </td>        <td align="center"> 55 </td>        <td align="left"> ::1 </td>        <td align="left"> root </td>        <td align="left"> 2016-12-05 05:08:47 </td>        <td align="left"> Failed file download:  (C:\xampp\htdocs/APC_Student_Assistant_System/tmp/rpt_csv_tmp/) </td>        <td align="left"> /APC_Student_Assistant_System/download_csv_tmp_store.php </td>    </tr>    <tr class="listTextAlt">
    <td align="center"> 56 </td>        <td align="center"> 56 </td>        <td align="left"> ::1 </td>        <td align="left"> root </td>        <td align="left"> 2016-12-05 05:10:18 </td>        <td align="left"> Failed file download:  (C:\xampp\htdocs/APC_Student_Assistant_System/tmp/rpt_csv_tmp/) </td>        <td align="left"> /APC_Student_Assistant_System/download_csv_tmp_store.php </td>    </tr>    <tr class="listText">
    <td align="center"> 57 </td>        <td align="center"> 57 </td>        <td align="left"> ::1 </td>        <td align="left"> root </td>        <td align="left"> 2016-12-05 05:13:04 </td>        <td align="left"> Pressed submit button </td>        <td align="left"> /APC_Student_Assistant_System/modules/reporter_employee.php </td>    </tr>    <tr class="listTextAlt">
    <td align="center"> 58 </td>        <td align="center"> 58 </td>        <td align="left"> ::1 </td>        <td align="left"> root </td>        <td align="left"> 2016-12-05 05:13:07 </td>        <td align="left"> Failed file download:  (C:\xampp\htdocs/APC_Student_Assistant_System/tmp/rpt_csv_tmp/) </td>        <td align="left"> /APC_Student_Assistant_System/download_csv_tmp_store.php </td>    </tr>    <tr class="listText">
    <td align="center"> 59 </td>        <td align="center"> 59 </td>        <td align="left"> ::1 </td>        <td align="left"> root </td>        <td align="left"> 2016-12-05 13:15:28 </td>        <td align="left"> Pressed submit button </td>        <td align="left"> /APC_Student_Assistant_System/modules/add_employee.php </td>    </tr>    <tr class="listTextAlt">
    <td align="center"> 60 </td>        <td align="center"> 60 </td>        <td align="left"> ::1 </td>        <td align="left"> root </td>        <td align="left"> 2016-12-05 13:15:28 </td>        <td align="left"> Query Executed: INSERT INTO employee(Emp_id, Emp_last_name, Emp_first_name, Emp_middle_name, Email, Address, Postal_code, Tel_num, Mobile_num, Department_name, Gender, Civil_status, Birth_date, Birth_place, Religion, TIN_num) VALUES(?,?,?,?,?,?,?,?,?,?,?,?,?,?,?,?)<br />
Array<br />
(<br />
    [0] =&gt; isssssiissssssss<br />
    [1] =&gt; 2009100200<br />
    [2] =&gt; Dela Cruz<br />
    [3] =&gt; Juan Miguel<br />
    [4] =&gt; L<br />
    [5] =&gt; juandelacruz@jdc.com<br />
    [6] =&gt; 123 Test St., Debug, Baguio City<br />
    [7] =&gt; 5555<br />
    [8] =&gt; 6544565<br />
    [9] =&gt; 09271234501<br />
    [10] =&gt; Guidance Office<br />
    [11] =&gt; Male<br />
    [12] =&gt; Married<br />
    [13] =&gt; 1956-01-07<br />
    [14] =&gt; Mandaluyong<br />
    [15] =&gt; Roman Catholic<br />
    [16] =&gt; 66666666666<br />
)<br />
 </td>        <td align="left"> /APC_Student_Assistant_System/modules/add_employee.php </td>    </tr>    <tr class="listText">
    <td align="center"> 61 </td>        <td align="center"> 61 </td>        <td align="left"> ::1 </td>        <td align="left"> root </td>        <td align="left"> 2016-12-05 13:16:20 </td>        <td align="left"> Pressed cancel button </td>        <td align="left"> /APC_Student_Assistant_System/sysadmin/add_user_role.php </td>    </tr>    <tr class="listTextAlt">
    <td align="center"> 62 </td>        <td align="center"> 62 </td>        <td align="left"> ::1 </td>        <td align="left"> root </td>        <td align="left"> 2016-12-05 13:16:41 </td>        <td align="left"> Pressed submit button </td>        <td align="left"> /APC_Student_Assistant_System/sysadmin/add_person.php </td>    </tr>    <tr class="listText">
    <td align="center"> 63 </td>        <td align="center"> 63 </td>        <td align="left"> ::1 </td>        <td align="left"> root </td>        <td align="left"> 2016-12-05 13:16:41 </td>        <td align="left"> Query Executed: INSERT INTO person(person_id, first_name, middle_name, last_name, gender) VALUES(?,?,?,?,?)<br />
Array<br />
(<br />
    [0] =&gt; issss<br />
    [1] =&gt; <br />
    [2] =&gt; Juan Miguel<br />
    [3] =&gt; L<br />
    [4] =&gt; Dela Cruz<br />
    [5] =&gt; Male<br />
)<br />
 </td>        <td align="left"> /APC_Student_Assistant_System/sysadmin/add_person.php </td>    </tr>    <tr class="listTextAlt">
    <td align="center"> 64 </td>        <td align="center"> 64 </td>        <td align="left"> ::1 </td>        <td align="left"> root </td>        <td align="left"> 2016-12-05 13:17:26 </td>        <td align="left"> Pressed submit button </td>        <td align="left"> /APC_Student_Assistant_System/sysadmin/add_user.php </td>    </tr>    <tr class="listText">
    <td align="center"> 65 </td>        <td align="center"> 65 </td>        <td align="left"> ::1 </td>        <td align="left"> root </td>        <td align="left"> 2016-12-05 13:17:27 </td>        <td align="left"> Query Executed: INSERT INTO user(username, password, salt, iteration, method, person_id, role_id, skin_id) VALUES(?,?,?,?,?,?,?,?)<br />
Array<br />
(<br />
    [0] =&gt; sssisiii<br />
    [1] =&gt; jmdelacruz<br />
    [2] =&gt; $2y$12$Udky9MiMkTsXHdcJwjSsOuCTHEWnWePzxBTZM5yuEQ2XavavpuGHW<br />
    [3] =&gt; Udky9MiMkTsXHdcJwjSsOw<br />
    [4] =&gt; 12<br />
    [5] =&gt; blowfish<br />
    [6] =&gt; 4<br />
    [7] =&gt; 4<br />
    [8] =&gt; 1<br />
)<br />
 </td>        <td align="left"> /APC_Student_Assistant_System/sysadmin/add_user.php </td>    </tr>    <tr class="listTextAlt">
    <td align="center"> 66 </td>        <td align="center"> 66 </td>        <td align="left"> ::1 </td>        <td align="left"> root </td>        <td align="left"> 2016-12-05 13:17:27 </td>        <td align="left"> Query executed: INSERT `user_passport` SELECT &#039;jmdelacruz&#039;, `link_id` FROM user_role_links WHERE role_id=&#039;4&#039; </td>        <td align="left"> /APC_Student_Assistant_System/sysadmin/add_user.php </td>    </tr>    <tr class="listText">
    <td align="center"> 67 </td>        <td align="center"> 67 </td>        <td align="left"> ::1 </td>        <td align="left"> root </td>        <td align="left"> 2016-12-05 13:17:29 </td>        <td align="left"> Logged out </td>        <td align="left"> /APC_Student_Assistant_System/end.php </td>    </tr>    <tr class="listTextAlt">
    <td align="center"> 68 </td>        <td align="center"> 68 </td>        <td align="left"> ::1 </td>        <td align="left"> jmdelacruz </td>        <td align="left"> 2016-12-05 13:17:34 </td>        <td align="left"> Logged in </td>        <td align="left"> /APC_Student_Assistant_System/login.php </td>    </tr>    <tr class="listText">
    <td align="center"> 69 </td>        <td align="center"> 69 </td>        <td align="left"> ::1 </td>        <td align="left"> jmdelacruz </td>        <td align="left"> 2016-12-05 13:17:53 </td>        <td align="left"> Logged out </td>        <td align="left"> /APC_Student_Assistant_System/end.php </td>    </tr>    <tr class="listTextAlt">
    <td align="center"> 70 </td>        <td align="center"> 70 </td>        <td align="left"> ::1 </td>        <td align="left"> root </td>        <td align="left"> 2016-12-05 13:19:57 </td>        <td align="left"> Logged in </td>        <td align="left"> /APC_Student_Assistant_System/login.php </td>    </tr>    <tr class="listText">
    <td align="center"> 71 </td>        <td align="center"> 71 </td>        <td align="left"> ::1 </td>        <td align="left"> root </td>        <td align="left"> 2016-12-05 13:20:22 </td>        <td align="left"> Pressed submit button </td>        <td align="left"> /APC_Student_Assistant_System/modules/reporter_employee.php </td>    </tr>    <tr class="listTextAlt">
    <td align="center"> 72 </td>        <td align="center"> 72 </td>        <td align="left"> ::1 </td>        <td align="left"> root </td>        <td align="left"> 2016-12-05 13:20:35 </td>        <td align="left"> Failed file download:  (C:\xampp\htdocs/APC_Student_Assistant_System/tmp/rpt_csv_tmp/) </td>        <td align="left"> /APC_Student_Assistant_System/download_csv_tmp_store.php </td>    </tr>    <tr class="listText">
    <td align="center"> 73 </td>        <td align="center"> 73 </td>        <td align="left"> ::1 </td>        <td align="left"> root </td>        <td align="left"> 2016-12-05 13:21:37 </td>        <td align="left"> Pressed submit button </td>        <td align="left"> /APC_Student_Assistant_System/modules/csv_employeebridgerecord.php </td>    </tr>    <tr class="listTextAlt">
    <td align="center"> 74 </td>        <td align="center"> 74 </td>        <td align="left"> ::1 </td>        <td align="left"> root </td>        <td align="left"> 2016-12-05 13:21:37 </td>        <td align="left"> Exported table data to CSV </td>        <td align="left"> /APC_Student_Assistant_System/modules/csv_employeebridgerecord.php </td>    </tr>    <tr class="listText">
    <td align="center"> 75 </td>        <td align="center"> 75 </td>        <td align="left"> ::1 </td>        <td align="left"> root </td>        <td align="left"> 2016-12-05 13:21:39 </td>        <td align="left"> Failed file download:  (C:\xampp\htdocs/APC_Student_Assistant_System/tmp/) </td>        <td align="left"> /APC_Student_Assistant_System/download_generic.php </td>    </tr>    <tr class="listTextAlt">
    <td align="center"> 76 </td>        <td align="center"> 76 </td>        <td align="left"> ::1 </td>        <td align="left"> root </td>        <td align="left"> 2016-12-05 13:32:03 </td>        <td align="left"> Pressed submit button </td>        <td align="left"> /APC_Student_Assistant_System/modules/reporter_employee.php </td>    </tr>    <tr class="listText">
    <td align="center"> 77 </td>        <td align="center"> 77 </td>        <td align="left"> ::1 </td>        <td align="left"> root </td>        <td align="left"> 2016-12-05 13:32:04 </td>        <td align="left"> Successful file download: root_EMPLOYEE_REPORT_CUSTOM_2016-12-05_01-32pm.csv (C:\xampp\htdocs/APC_Student_Assistant_System/tmp/rpt_csv_tmp/745b75b7697aac063ca5d233ed2cd823c7b2bf1croot_EMPLOYEE_REPORT_CUSTOM_2016-12-05_01-32pm.csv) </td>        <td align="left"> /APC_Student_Assistant_System/download_csv_tmp_store.php </td>    </tr>    <tr class="listTextAlt">
    <td align="center"> 78 </td>        <td align="center"> 78 </td>        <td align="left"> ::1 </td>        <td align="left"> root </td>        <td align="left"> 2016-12-05 13:34:28 </td>        <td align="left"> Pressed submit button </td>        <td align="left"> /APC_Student_Assistant_System/modules/csv_employee.php </td>    </tr>    <tr class="listText">
    <td align="center"> 79 </td>        <td align="center"> 79 </td>        <td align="left"> ::1 </td>        <td align="left"> root </td>        <td align="left"> 2016-12-05 13:34:28 </td>        <td align="left"> Exported table data to CSV </td>        <td align="left"> /APC_Student_Assistant_System/modules/csv_employee.php </td>    </tr>    <tr class="listTextAlt">
    <td align="center"> 80 </td>        <td align="center"> 80 </td>        <td align="left"> ::1 </td>        <td align="left"> root </td>        <td align="left"> 2016-12-05 13:34:30 </td>        <td align="left"> Successful file download: root_employee_2016-12-05.csv (C:\xampp\htdocs/APC_Student_Assistant_System/tmp/abe9afad8ab08c25746c2c02437749ce3c1d2afaroot_employee_2016-12-05.csv) </td>        <td align="left"> /APC_Student_Assistant_System/download_generic.php </td>    </tr>    <tr class="listText">
    <td align="center"> 81 </td>        <td align="center"> 81 </td>        <td align="left"> ::1 </td>        <td align="left"> root </td>        <td align="left"> 2016-12-05 13:35:28 </td>        <td align="left"> Pressed submit button </td>        <td align="left"> /APC_Student_Assistant_System/sysadmin/security_monitor.php </td>    </tr>    <tr class="listTextAlt">
    <td align="center"> 82 </td>        <td align="center"> 82 </td>        <td align="left"> ::1 </td>        <td align="left"> root </td>        <td align="left"> 2016-12-05 13:35:53 </td>        <td align="left"> Pressed submit button </td>        <td align="left"> /APC_Student_Assistant_System/sysadmin/security_monitor.php </td>    </tr><tr style="background-color: #999999;">
<th align="center">82</th>    <th align="center">  </th>    <th align="left">  </th>    <th align="left">  </th>    <th align="left">  </th>    <th align="left">  </th>    <th align="left">  </th></tr>
</table>